/bin/bash: line 1: ./test/test_real_nemo_fixed: No such file or directory
