=== NeMo Cache-Aware Conformer Standalone Test ===

Configuration:
  NeMo model: models/nemo_fastconformer_streaming/conformer_ctc_dynamic.onnx
  Audio file: ./models/sherpa_onnx_paraformer/sherpa-onnx-streaming-zipformer-bilingual-zh-en-2023-02-20/test_wavs/0.wav
  VAD enabled: yes
  Chunk size: 160ms
  Sample rate: 16000Hz

Loading audio file...
Loaded audio file: ./models/sherpa_onnx_paraformer/sherpa-onnx-streaming-zipformer-bilingual-zh-en-2023-02-20/test_wavs/0.wav
  Size: 321744 bytes
  Samples: 160872
  Duration: 10.0545 seconds

Initializing NeMo pipeline...
Failed to load Silero VAD model: Load model from ../models/silero_vad.onnx failed:Load model ../models/silero_vad.onnx failed. File doesn't exist
Warning: Could not load Silero VAD model from ../models/silero_vad.onnx. VAD will be disabled.
Silero VAD not available, using energy-based VAD
Info: Kaldifeat not available, falling back to simple_fbank
Info: Kaldifeat not available, using ImprovedFbank
ImprovedFbank initialized:
  Sample rate: 16000 Hz
  Frame length: 400 samples (25ms)
  Frame shift: 160 samples (10ms)
  Mel bins: 80
  FFT size: 512
Creating model of type: 4
Using vocabulary: models/nemo_fastconformer_streaming/tokenizer.txt
Initializing NeMo Cache-Aware Conformer model...
Model path: models/nemo_fastconformer_streaming/conformer_ctc_dynamic.onnx
Chunk frames: 160
Attention context: [70,0]
Model loaded: 1 inputs, 1 outputs
Input 0: audio_signal shape: [-1,-1,80]
Cache tensors initialized:
  Channel cache size: 393216 elements
  Time cache size: 393216 elements
Loaded vocabulary with 128 tokens from models/nemo_fastconformer_streaming/tokenizer.txt
First 10 tokens: [0]=[PAD] [1]=[UNK] [2]=[CLS] [3]=[SEP] [4]=[MASK] [5]=' [6]=a [7]=b [8]=c [9]=d 
NeMo Cache-Aware Conformer initialized successfully
STTPipeline initialized successfully
  VAD: enabled
  Feature extractor: kaldifeat
  Model: 4
NeMo pipeline created successfully
NeMo pipeline initialized successfully!

Processing parameters:
  Chunk samples: 2560
  Total chunks: 63

=== Processing Audio ===
Processing chunk: 14 frames (padding to 160 for model compatibility)
Feature stats: min=-23.0259, max=4.85832, avg=-0.425779
Raw CTC tokens: 95(-2.91337) 95(-2.91337) 95(-2.91337) 95(-2.91337) 95(-2.91337) 95(-2.91337) 95(-2.91337) 95(-2.91337) 95(-2.91337) 95(-2.91337) ...
[640ms] [SPEECH] sh (conf: 85%) [VAD:0ms FE:35ms MODEL:9ms TOTAL:45ms]
Processing chunk: 14 frames (padding to 160 for model compatibility)
Feature stats: min=-23.0259, max=5.68495, avg=-0.445273
Raw CTC tokens: 95(-2.91337) 95(-2.91337) 95(-2.91337) 95(-2.91337) 95(-2.91337) 95(-2.91337) 95(-2.91337) 95(-2.91337) 95(-2.91337) 95(-2.91337) ...
[800ms] [SPEECH] sh (conf: 85%) [VAD:0ms FE:25ms MODEL:6ms TOTAL:32ms]
Processing chunk: 14 frames (padding to 160 for model compatibility)
Feature stats: min=-23.0259, max=5.10296, avg=-0.336252
Raw CTC tokens: 95(-2.91337) 95(-2.91337) 95(-2.91337) 95(-2.91337) 95(-2.91337) 95(-2.91337) 95(-2.91337) 95(-2.91337) 95(-2.91337) 95(-2.91337) ...
[960ms] [SPEECH] sh (conf: 85%) [VAD:0ms FE:25ms MODEL:5ms TOTAL:30ms]
Processing chunk: 14 frames (padding to 160 for model compatibility)
Feature stats: min=-23.0259, max=4.97823, avg=-0.377199
Raw CTC tokens: 95(-2.91337) 95(-2.91337) 95(-2.91337) 95(-2.91337) 95(-2.91337) 95(-2.91337) 95(-2.91337) 95(-2.91337) 95(-2.91337) 95(-2.91337) ...
[1120ms] [SPEECH] sh (conf: 85%) [VAD:0ms FE:25ms MODEL:6ms TOTAL:31ms]
Processing chunk: 14 frames (padding to 160 for model compatibility)
Feature stats: min=-23.0259, max=4.80417, avg=-0.445684
Raw CTC tokens: 95(-2.91337) 95(-2.91337) 95(-2.91337) 95(-2.91337) 95(-2.91337) 95(-2.91337) 95(-2.91337) 95(-2.91337) 95(-2.91337) 95(-2.91337) ...
[1280ms] [SPEECH] sh (conf: 85%) [VAD:0ms FE:25ms MODEL:7ms TOTAL:32ms]
Processing chunk: 14 frames (padding to 160 for model compatibility)
Feature stats: min=-23.0259, max=0.758776, avg=-0.935848
Raw CTC tokens: 95(-2.91337) 95(-2.91337) 95(-2.91337) 95(-2.91337) 95(-2.91337) 95(-2.91337) 95(-2.91337) 95(-2.91337) 95(-2.91337) 95(-2.91337) ...
[1440ms] [SILENCE] sh (conf: 85%) [VAD:0ms FE:25ms MODEL:5ms TOTAL:31ms]
Processing chunk: 14 frames (padding to 160 for model compatibility)
Feature stats: min=-23.0259, max=4.78465, avg=-0.546538
Raw CTC tokens: 95(-2.91337) 95(-2.91337) 95(-2.91337) 95(-2.91337) 95(-2.91337) 95(-2.91337) 95(-2.91337) 95(-2.91337) 95(-2.91337) 95(-2.91337) ...
[1600ms] [SPEECH] sh (conf: 85%) [VAD:0ms FE:25ms MODEL:5ms TOTAL:30ms]
Processing chunk: 14 frames (padding to 160 for model compatibility)
Feature stats: min=-23.0259, max=5.31349, avg=-0.345804
Raw CTC tokens: 95(-2.91337) 95(-2.91337) 95(-2.91337) 95(-2.91337) 95(-2.91337) 95(-2.91337) 95(-2.91337) 95(-2.91337) 95(-2.91337) 95(-2.91337) ...
[1760ms] [SPEECH] sh (conf: 85%) [VAD:0ms FE:25ms MODEL:5ms TOTAL:30ms]
Processing chunk: 14 frames (padding to 160 for model compatibility)
Feature stats: min=-23.0259, max=5.24189, avg=-0.551752
Raw CTC tokens: 95(-2.91337) 95(-2.91337) 95(-2.91337) 95(-2.91337) 95(-2.91337) 95(-2.91337) 95(-2.91337) 95(-2.91337) 95(-2.91337) 95(-2.91337) ...
[1920ms] [SPEECH] sh (conf: 85%) [VAD:0ms FE:25ms MODEL:5ms TOTAL:30ms]
Processing chunk: 14 frames (padding to 160 for model compatibility)
Feature stats: min=-23.0259, max=3.5573, avg=-0.464946
Raw CTC tokens: 95(-2.91337) 95(-2.91337) 95(-2.91337) 95(-2.91337) 95(-2.91337) 95(-2.91337) 95(-2.91337) 95(-2.91337) 95(-2.91337) 95(-2.91337) ...
[2080ms] [SILENCE] sh (conf: 85%) [VAD:0ms FE:25ms MODEL:5ms TOTAL:30ms]
Processing chunk: 14 frames (padding to 160 for model compatibility)
Feature stats: min=-23.0259, max=0, avg=-1.00502
Raw CTC tokens: 95(-2.91337) 95(-2.91337) 95(-2.91337) 95(-2.91337) 95(-2.91337) 95(-2.91337) 95(-2.91337) 95(-2.91337) 95(-2.91337) 95(-2.91337) ...
[2240ms] [SILENCE] sh (conf: 85%) [VAD:0ms FE:25ms MODEL:5ms TOTAL:31ms]
Processing chunk: 14 frames (padding to 160 for model compatibility)
Feature stats: min=-23.0259, max=0, avg=-1.09505
Raw CTC tokens: 95(-2.91337) 95(-2.91337) 95(-2.91337) 95(-2.91337) 95(-2.91337) 95(-2.91337) 95(-2.91337) 95(-2.91337) 95(-2.91337) 95(-2.91337) ...
[2400ms] [SILENCE] sh (conf: 85%) [VAD:0ms FE:25ms MODEL:5ms TOTAL:31ms]
Processing chunk: 14 frames (padding to 160 for model compatibility)
Feature stats: min=-23.0259, max=5.74282, avg=-0.437694
Raw CTC tokens: 95(-2.91337) 95(-2.91337) 95(-2.91337) 95(-2.91337) 95(-2.91337) 95(-2.91337) 95(-2.91337) 95(-2.91337) 95(-2.91337) 95(-2.91337) ...
[3840ms] [SPEECH] sh (conf: 85%) [VAD:0ms FE:25ms MODEL:5ms TOTAL:31ms]
Processing chunk: 14 frames (padding to 160 for model compatibility)
Feature stats: min=-23.0259, max=5.65818, avg=-0.264104
Raw CTC tokens: 95(-2.91337) 95(-2.91337) 95(-2.91337) 95(-2.91337) 95(-2.91337) 95(-2.91337) 95(-2.91337) 95(-2.91337) 95(-2.91337) 95(-2.91337) ...
[4000ms] [SPEECH] sh (conf: 85%) [VAD:0ms FE:25ms MODEL:5ms TOTAL:30ms]
Processing chunk: 14 frames (padding to 160 for model compatibility)
Feature stats: min=-23.0259, max=4.49864, avg=-0.451905
Raw CTC tokens: 95(-2.91337) 95(-2.91337) 95(-2.91337) 95(-2.91337) 95(-2.91337) 95(-2.91337) 95(-2.91337) 95(-2.91337) 95(-2.91337) 95(-2.91337) ...
[4160ms] [SPEECH] sh (conf: 85%) [VAD:0ms FE:25ms MODEL:6ms TOTAL:31ms]
Processing chunk: 14 frames (padding to 160 for model compatibility)
Feature stats: min=-23.0259, max=1.07919, avg=-0.963553
Raw CTC tokens: 95(-2.91337) 95(-2.91337) 95(-2.91337) 95(-2.91337) 95(-2.91337) 95(-2.91337) 95(-2.91337) 95(-2.91337) 95(-2.91337) 95(-2.91337) ...
[4320ms] [SILENCE] sh (conf: 85%) [VAD:0ms FE:26ms MODEL:6ms TOTAL:32ms]
Processing chunk: 14 frames (padding to 160 for model compatibility)
Feature stats: min=-23.0259, max=4.50199, avg=-0.51084
Raw CTC tokens: 95(-2.91337) 95(-2.91337) 95(-2.91337) 95(-2.91337) 95(-2.91337) 95(-2.91337) 95(-2.91337) 95(-2.91337) 95(-2.91337) 95(-2.91337) ...
[4480ms] [SPEECH] sh (conf: 85%) [VAD:0ms FE:25ms MODEL:6ms TOTAL:31ms]
Processing chunk: 14 frames (padding to 160 for model compatibility)
Feature stats: min=-23.0259, max=3.75152, avg=-0.613471
Raw CTC tokens: 95(-2.91337) 95(-2.91337) 95(-2.91337) 95(-2.91337) 95(-2.91337) 95(-2.91337) 95(-2.91337) 95(-2.91337) 95(-2.91337) 95(-2.91337) ...
[4640ms] [SILENCE] sh (conf: 85%) [VAD:0ms FE:26ms MODEL:5ms TOTAL:32ms]
Processing chunk: 14 frames (padding to 160 for model compatibility)
Feature stats: min=-23.0259, max=0, avg=-0.674835
Raw CTC tokens: 95(-2.91337) 95(-2.91337) 95(-2.91337) 95(-2.91337) 95(-2.91337) 95(-2.91337) 95(-2.91337) 95(-2.91337) 95(-2.91337) 95(-2.91337) ...
[4800ms] [SILENCE] sh (conf: 85%) [VAD:0ms FE:25ms MODEL:7ms TOTAL:33ms]
Processing chunk: 14 frames (padding to 160 for model compatibility)
Feature stats: min=-23.0259, max=0, avg=-1.0983
Raw CTC tokens: 95(-2.91337) 95(-2.91337) 95(-2.91337) 95(-2.91337) 95(-2.91337) 95(-2.91337) 95(-2.91337) 95(-2.91337) 95(-2.91337) 95(-2.91337) ...
[4960ms] [SILENCE] sh (conf: 85%) [VAD:0ms FE:25ms MODEL:5ms TOTAL:30ms]
Processing chunk: 14 frames (padding to 160 for model compatibility)
Feature stats: min=-23.0259, max=4.05725, avg=-0.660383
Raw CTC tokens: 95(-2.91337) 95(-2.91337) 95(-2.91337) 95(-2.91337) 95(-2.91337) 95(-2.91337) 95(-2.91337) 95(-2.91337) 95(-2.91337) 95(-2.91337) ...
[5280ms] [SPEECH] sh (conf: 85%) [VAD:0ms FE:24ms MODEL:5ms TOTAL:30ms]
Processing chunk: 14 frames (padding to 160 for model compatibility)
Feature stats: min=-23.0259, max=4.50967, avg=-0.324947
Raw CTC tokens: 95(-2.91337) 95(-2.91337) 95(-2.91337) 95(-2.91337) 95(-2.91337) 95(-2.91337) 95(-2.91337) 95(-2.91337) 95(-2.91337) 95(-2.91337) ...
[5440ms] [SPEECH] sh (conf: 85%) [VAD:0ms FE:25ms MODEL:5ms TOTAL:30ms]
Processing chunk: 14 frames (padding to 160 for model compatibility)
Feature stats: min=-23.0259, max=4.8519, avg=-0.2713
Raw CTC tokens: 95(-2.91337) 95(-2.91337) 95(-2.91337) 95(-2.91337) 95(-2.91337) 95(-2.91337) 95(-2.91337) 95(-2.91337) 95(-2.91337) 95(-2.91337) ...
[5600ms] [SPEECH] sh (conf: 85%) [VAD:0ms FE:25ms MODEL:5ms TOTAL:30ms]
Processing chunk: 14 frames (padding to 160 for model compatibility)
Feature stats: min=-23.0259, max=2.25991, avg=-0.695657
Raw CTC tokens: 95(-2.91337) 95(-2.91337) 95(-2.91337) 95(-2.91337) 95(-2.91337) 95(-2.91337) 95(-2.91337) 95(-2.91337) 95(-2.91337) 95(-2.91337) ...
[5760ms] [SILENCE] sh (conf: 85%) [VAD:0ms FE:25ms MODEL:5ms TOTAL:30ms]
Processing chunk: 14 frames (padding to 160 for model compatibility)
Feature stats: min=-23.0259, max=0, avg=-1.0206
Raw CTC tokens: 95(-2.91337) 95(-2.91337) 95(-2.91337) 95(-2.91337) 95(-2.91337) 95(-2.91337) 95(-2.91337) 95(-2.91337) 95(-2.91337) 95(-2.91337) ...
[5920ms] [SILENCE] sh (conf: 85%) [VAD:0ms FE:25ms MODEL:5ms TOTAL:30ms]
Processing chunk: 14 frames (padding to 160 for model compatibility)
Feature stats: min=-23.0259, max=0, avg=-1.09014
Raw CTC tokens: 95(-2.91337) 95(-2.91337) 95(-2.91337) 95(-2.91337) 95(-2.91337) 95(-2.91337) 95(-2.91337) 95(-2.91337) 95(-2.91337) 95(-2.91337) ...
[6080ms] [SILENCE] sh (conf: 85%) [VAD:0ms FE:25ms MODEL:5ms TOTAL:30ms]
Processing chunk: 14 frames (padding to 160 for model compatibility)
Feature stats: min=-23.0259, max=5.47447, avg=-0.518249
Raw CTC tokens: 95(-2.91337) 95(-2.91337) 95(-2.91337) 95(-2.91337) 95(-2.91337) 95(-2.91337) 95(-2.91337) 95(-2.91337) 95(-2.91337) 95(-2.91337) ...
[6560ms] [SPEECH] sh (conf: 85%) [VAD:0ms FE:25ms MODEL:5ms TOTAL:30ms]
Processing chunk: 14 frames (padding to 160 for model compatibility)
Feature stats: min=-23.0259, max=5.48855, avg=-0.378018
Raw CTC tokens: 95(-2.91337) 95(-2.91337) 95(-2.91337) 95(-2.91337) 95(-2.91337) 95(-2.91337) 95(-2.91337) 95(-2.91337) 95(-2.91337) 95(-2.91337) ...
[6720ms] [SPEECH] sh (conf: 85%) [VAD:0ms FE:25ms MODEL:5ms TOTAL:30ms]
Processing chunk: 14 frames (padding to 160 for model compatibility)
Feature stats: min=-23.0259, max=4.77813, avg=-0.503649
Raw CTC tokens: 95(-2.91337) 95(-2.91337) 95(-2.91337) 95(-2.91337) 95(-2.91337) 95(-2.91337) 95(-2.91337) 95(-2.91337) 95(-2.91337) 95(-2.91337) ...
[6880ms] [SPEECH] sh (conf: 85%) [VAD:0ms FE:25ms MODEL:6ms TOTAL:32ms]
Processing chunk: 14 frames (padding to 160 for model compatibility)
Feature stats: min=-23.0259, max=4.15148, avg=-0.419951
Raw CTC tokens: 95(-2.91337) 95(-2.91337) 95(-2.91337) 95(-2.91337) 95(-2.91337) 95(-2.91337) 95(-2.91337) 95(-2.91337) 95(-2.91337) 95(-2.91337) ...
[7040ms] [SPEECH] sh (conf: 85%) [VAD:0ms FE:25ms MODEL:5ms TOTAL:30ms]
Processing chunk: 14 frames (padding to 160 for model compatibility)
Feature stats: min=-23.0259, max=4.27037, avg=-0.542145
Raw CTC tokens: 95(-2.91337) 95(-2.91337) 95(-2.91337) 95(-2.91337) 95(-2.91337) 95(-2.91337) 95(-2.91337) 95(-2.91337) 95(-2.91337) 95(-2.91337) ...
[7200ms] [SPEECH] sh (conf: 85%) [VAD:0ms FE:25ms MODEL:5ms TOTAL:30ms]
Processing chunk: 14 frames (padding to 160 for model compatibility)
Feature stats: min=-23.0259, max=5.53098, avg=-0.395927
Raw CTC tokens: 95(-2.91337) 95(-2.91337) 95(-2.91337) 95(-2.91337) 95(-2.91337) 95(-2.91337) 95(-2.91337) 95(-2.91337) 95(-2.91337) 95(-2.91337) ...
[7360ms] [SPEECH] sh (conf: 85%) [VAD:0ms FE:25ms MODEL:6ms TOTAL:32ms]
Processing chunk: 14 frames (padding to 160 for model compatibility)
Feature stats: min=-23.0259, max=4.81843, avg=-0.725324
Raw CTC tokens: 95(-2.91337) 95(-2.91337) 95(-2.91337) 95(-2.91337) 95(-2.91337) 95(-2.91337) 95(-2.91337) 95(-2.91337) 95(-2.91337) 95(-2.91337) ...
[7520ms] [SPEECH] sh (conf: 85%) [VAD:0ms FE:25ms MODEL:5ms TOTAL:30ms]
Processing chunk: 14 frames (padding to 160 for model compatibility)
Feature stats: min=-23.0259, max=5.29602, avg=-0.656826
Raw CTC tokens: 95(-2.91337) 95(-2.91337) 95(-2.91337) 95(-2.91337) 95(-2.91337) 95(-2.91337) 95(-2.91337) 95(-2.91337) 95(-2.91337) 95(-2.91337) ...
[7680ms] [SPEECH] sh (conf: 85%) [VAD:0ms FE:25ms MODEL:5ms TOTAL:30ms]
Processing chunk: 14 frames (padding to 160 for model compatibility)
Feature stats: min=-23.0259, max=5.51392, avg=-0.378114
Raw CTC tokens: 95(-2.91337) 95(-2.91337) 95(-2.91337) 95(-2.91337) 95(-2.91337) 95(-2.91337) 95(-2.91337) 95(-2.91337) 95(-2.91337) 95(-2.91337) ...
[7840ms] [SPEECH] sh (conf: 85%) [VAD:0ms FE:25ms MODEL:5ms TOTAL:30ms]
Progress: 50/63 (79.4%)
Processing chunk: 14 frames (padding to 160 for model compatibility)
Feature stats: min=-23.0, max=5.9, avg=-0.4
Raw CTC tokens: 95(-2.9) 95(-2.9) 95(-2.9) 95(-2.9) 95(-2.9) 95(-2.9) 95(-2.9) 95(-2.9) 95(-2.9) 95(-2.9) ...
[8000ms] [SPEECH] sh (conf: 85.0%) [VAD:0ms FE:25ms MODEL:5ms TOTAL:30ms]
Processing chunk: 14 frames (padding to 160 for model compatibility)
Feature stats: min=-23.0, max=2.2, avg=-0.7
Raw CTC tokens: 95(-2.9) 95(-2.9) 95(-2.9) 95(-2.9) 95(-2.9) 95(-2.9) 95(-2.9) 95(-2.9) 95(-2.9) 95(-2.9) ...
[8160ms] [SILENCE] sh (conf: 85.0%) [VAD:0ms FE:25ms MODEL:5ms TOTAL:30ms]
Processing chunk: 14 frames (padding to 160 for model compatibility)
Feature stats: min=-23.0, max=0.0, avg=-1.0
Raw CTC tokens: 95(-2.9) 95(-2.9) 95(-2.9) 95(-2.9) 95(-2.9) 95(-2.9) 95(-2.9) 95(-2.9) 95(-2.9) 95(-2.9) ...
[8320ms] [SILENCE] sh (conf: 85.0%) [VAD:0ms FE:25ms MODEL:5ms TOTAL:31ms]
Processing chunk: 14 frames (padding to 160 for model compatibility)
Feature stats: min=-23.0, max=0.0, avg=-1.1
Raw CTC tokens: 95(-2.9) 95(-2.9) 95(-2.9) 95(-2.9) 95(-2.9) 95(-2.9) 95(-2.9) 95(-2.9) 95(-2.9) 95(-2.9) ...
[8480ms] [SILENCE] sh (conf: 85.0%) [VAD:0ms FE:25ms MODEL:6ms TOTAL:31ms]
Processing chunk: 14 frames (padding to 160 for model compatibility)
Feature stats: min=-23.0, max=3.9, avg=-0.5
Raw CTC tokens: 95(-2.9) 95(-2.9) 95(-2.9) 95(-2.9) 95(-2.9) 95(-2.9) 95(-2.9) 95(-2.9) 95(-2.9) 95(-2.9) ...
[8800ms] [SPEECH] sh (conf: 85.0%) [VAD:0ms FE:25ms MODEL:5ms TOTAL:30ms]
Processing chunk: 14 frames (padding to 160 for model compatibility)
Feature stats: min=-23.0, max=4.1, avg=-0.5
Raw CTC tokens: 95(-2.9) 95(-2.9) 95(-2.9) 95(-2.9) 95(-2.9) 95(-2.9) 95(-2.9) 95(-2.9) 95(-2.9) 95(-2.9) ...
[8960ms] [SPEECH] sh (conf: 85.0%) [VAD:0ms FE:25ms MODEL:5ms TOTAL:30ms]
Processing chunk: 14 frames (padding to 160 for model compatibility)
Feature stats: min=-23.0, max=4.8, avg=-0.6
Raw CTC tokens: 95(-2.9) 95(-2.9) 95(-2.9) 95(-2.9) 95(-2.9) 95(-2.9) 95(-2.9) 95(-2.9) 95(-2.9) 95(-2.9) ...
[9120ms] [SPEECH] sh (conf: 85.0%) [VAD:0ms FE:25ms MODEL:5ms TOTAL:31ms]
Processing chunk: 14 frames (padding to 160 for model compatibility)
Feature stats: min=-23.0, max=4.8, avg=-0.6
Raw CTC tokens: 95(-2.9) 95(-2.9) 95(-2.9) 95(-2.9) 95(-2.9) 95(-2.9) 95(-2.9) 95(-2.9) 95(-2.9) 95(-2.9) ...
[9280ms] [SPEECH] sh (conf: 85.0%) [VAD:0ms FE:25ms MODEL:5ms TOTAL:30ms]
Processing chunk: 14 frames (padding to 160 for model compatibility)
Feature stats: min=-23.0, max=4.5, avg=-0.5
Raw CTC tokens: 95(-2.9) 95(-2.9) 95(-2.9) 95(-2.9) 95(-2.9) 95(-2.9) 95(-2.9) 95(-2.9) 95(-2.9) 95(-2.9) ...
[9440ms] [SPEECH] sh (conf: 85.0%) [VAD:0ms FE:25ms MODEL:5ms TOTAL:31ms]
Processing chunk: 14 frames (padding to 160 for model compatibility)
Feature stats: min=-23.0, max=3.2, avg=-0.4
Raw CTC tokens: 95(-2.9) 95(-2.9) 95(-2.9) 95(-2.9) 95(-2.9) 95(-2.9) 95(-2.9) 95(-2.9) 95(-2.9) 95(-2.9) ...
[9600ms] [SPEECH] sh (conf: 85.0%) [VAD:0ms FE:25ms MODEL:5ms TOTAL:30ms]
Processing chunk: 14 frames (padding to 160 for model compatibility)
Feature stats: min=-23.0, max=3.1, avg=-0.9
Raw CTC tokens: 95(-2.9) 95(-2.9) 95(-2.9) 95(-2.9) 95(-2.9) 95(-2.9) 95(-2.9) 95(-2.9) 95(-2.9) 95(-2.9) ...
[9760ms] [SILENCE] sh (conf: 85.0%) [VAD:0ms FE:25ms MODEL:6ms TOTAL:31ms]
Processing chunk: 11 frames (padding to 160 for model compatibility)
Feature stats: min=-23.0, max=0.0, avg=-0.8
Raw CTC tokens: 95(-2.9) 95(-2.9) 95(-2.9) 95(-2.9) 95(-2.9) 95(-2.9) 95(-2.9) 95(-2.9) 95(-2.9) 95(-2.9) ...
[9920ms] [SILENCE] sh (conf: 85.0%) [VAD:0ms FE:19ms MODEL:5ms TOTAL:25ms]
Progress: 63/63 (100.0%)

=== Performance Summary ===
Total processing time: 1474ms
Audio duration: 10054.5ms
Real-time factor: 0.1
Speech chunks: 31 (49.2%)
Silence chunks: 32 (50.8%)
Average latency: 22ms
Latency range: 0-45ms

Pipeline Statistics:
  Total chunks processed: 63
  Average VAD latency: 0.0ms
  Average feature latency: 18.7ms
  Average model latency: 4.0ms
  Real-time factor: 0.2

=== Test Completed Successfully ===
